******************************************************************************
                  TI ARM Linker PC v18.12.1                    
******************************************************************************
>> Linked Fri Jun  7 15:07:22 2019

OUTPUT FILE NAME:   <dps_peripheral_cc2640r2lp_app.out>
ENTRY POINT SYMBOL: "ResetISR"  address: 0000e109


MEMORY CONFIGURATION

         name            origin    length      used     unused   attr    fill
----------------------  --------  ---------  --------  --------  ----  --------
  FLASH                 00000000   0001f000  00013dda  0000b226  R  X
  FLASH_LAST_PAGE       0001f000   00001000  00000058  00000fa8  R  X
  SRAM                  20000000   00004400  00002323  000020dd  RW X


SEGMENT ALLOCATION MAP

run origin  load origin   length   init length attrs members
----------  ----------- ---------- ----------- ----- -------
00000000    00000000    00012de4   00012de4    r-x
  00000000    00000000    0000003c   0000003c    r-- .resetVecs
  0000003c    0000003c    00000fc4   00000fc4    r-x .text.1
  00001000    00001000    00000028   00000028    r-- .const:ti_sysbios_heaps_HeapMem_Module__FXNS__C
  00001028    00001028    00000024   00000024    r-- .const:ti_sysbios_gates_GateHwi_Module__FXNS__C
  0000104c    0000104c    00000024   00000024    r-- .const:ti_sysbios_gates_GateMutex_Module__FXNS__C
  00001070    00001070    00000020   00000020    r-- .const:ti_sysbios_family_arm_m3_Hwi_Object__DESC__C
  00001090    00001090    00000020   00000020    r-- .const:ti_sysbios_gates_GateHwi_Object__DESC__C
  000010b0    000010b0    00000020   00000020    r-- .const:ti_sysbios_gates_GateMutex_Object__DESC__C
  000010d0    000010d0    00000020   00000020    r-- .const:ti_sysbios_hal_Hwi_Object__DESC__C
  000010f0    000010f0    00000020   00000020    r-- .const:ti_sysbios_heaps_HeapMem_Object__DESC__C
  00001110    00001110    00000020   00000020    r-- .const:ti_sysbios_knl_Clock_Object__DESC__C
  00001130    00001130    00000020   00000020    r-- .const:ti_sysbios_knl_Event_Object__DESC__C
  00001150    00001150    00000020   00000020    r-- .const:ti_sysbios_knl_Mailbox_Object__DESC__C
  00001170    00001170    00000020   00000020    r-- .const:ti_sysbios_knl_Queue_Object__DESC__C
  00001190    00001190    00000020   00000020    r-- .const:ti_sysbios_knl_Semaphore_Object__DESC__C
  000011b0    000011b0    00000020   00000020    r-- .const:ti_sysbios_knl_Swi_Object__DESC__C
  000011d0    000011d0    00000020   00000020    r-- .const:ti_sysbios_knl_Task_Object__DESC__C
  000011f0    000011f0    00000008   00000008    r-- .const:ti_sysbios_knl_Idle_funcList__C
  000011f8    000011f8    00000004   00000004    r-- .const:ti_sysbios_family_arm_cc26xx_Timer_startupNeeded__C
  000011fc    000011fc    00000004   00000004    r-- .const:ti_sysbios_family_arm_m3_Hwi_E_alreadyDefined__C
  00001200    00001200    00000004   00000004    r-- .const:ti_sysbios_family_arm_m3_Hwi_E_hwiLimitExceeded__C
  00001204    00001204    00000004   00000004    r-- .const:ti_sysbios_family_arm_m3_Hwi_NUM_INTERRUPTS__C
  00001208    00001208    00000004   00000004    r-- .const:ti_sysbios_family_arm_m3_Hwi_Object__count__C
  0000120c    0000120c    00000004   00000004    r-- .const:ti_sysbios_family_arm_m3_Hwi_Object__table__C
  00001210    00001210    00000004   00000004    r-- .const:ti_sysbios_family_arm_m3_Hwi_ccr__C
  00001214    00001214    00000004   00000004    r-- .const:ti_sysbios_family_arm_m3_Hwi_excHandlerFunc__C
  00001218    00001218    00000004   00000004    r-- .const:ti_sysbios_family_arm_m3_Hwi_nullIsrFunc__C
  0000121c    0000121c    00000004   00000004    r-- .const:ti_sysbios_family_arm_m3_Hwi_numSparseInterrupts__C
  00001220    00001220    00000004   00000004    r-- .const:ti_sysbios_family_arm_m3_Hwi_priGroup__C
  00001224    00001224    00000004   00000004    r-- .const:ti_sysbios_family_arm_m3_TaskSupport_stackAlignment__C
  00001228    00001228    00000004   00000004    r-- .const:ti_sysbios_heaps_HeapMem_E_memory__C
  0000122c    0000122c    00000004   00000004    r-- .const:ti_sysbios_heaps_HeapMem_Module__gateObj__C
  00001230    00001230    00000004   00000004    r-- .const:ti_sysbios_heaps_HeapMem_Object__count__C
  00001234    00001234    00000004   00000004    r-- .const:ti_sysbios_heaps_HeapMem_Object__table__C
  00001238    00001238    00000004   00000004    r-- .const:ti_sysbios_heaps_HeapMem_reqAlign__C
  0000123c    0000123c    00000004   00000004    r-- .const:ti_sysbios_knl_Clock_triggerClock__C
  00001240    00001240    00000004   00000004    r-- .const:ti_sysbios_knl_Mailbox_Object__count__C
  00001244    00001244    00000004   00000004    r-- .const:ti_sysbios_knl_Mailbox_Object__table__C
  00001248    00001248    00000004   00000004    r-- .const:ti_sysbios_knl_Mailbox_maxTypeAlign__C
  0000124c    0000124c    00000004   00000004    r-- .const:ti_sysbios_knl_Queue_Object__count__C
  00001250    00001250    00000004   00000004    r-- .const:ti_sysbios_knl_Queue_Object__table__C
  00001254    00001254    00000004   00000004    r-- .const:ti_sysbios_knl_Semaphore_eventPost__C
  00001258    00001258    00000004   00000004    r-- .const:ti_sysbios_knl_Semaphore_eventSync__C
  0000125c    0000125c    00000004   00000004    r-- .const:ti_sysbios_knl_Swi_Object__count__C
  00001260    00001260    00000004   00000004    r-- .const:ti_sysbios_knl_Swi_Object__table__C
  00001264    00001264    00000004   00000004    r-- .const:ti_sysbios_knl_Swi_numPriorities__C
  00001268    00001268    00000004   00000004    r-- .const:ti_sysbios_knl_Task_Object__count__C
  0000126c    0000126c    00000004   00000004    r-- .const:ti_sysbios_knl_Task_Object__table__C
  00001270    00001270    00000004   00000004    r-- .const:ti_sysbios_knl_Task_allBlockedFunc__C
  00001274    00001274    00000004   00000004    r-- .const:ti_sysbios_knl_Task_defaultStackHeap__C
  00001278    00001278    00000004   00000004    r-- .const:ti_sysbios_knl_Task_defaultStackSize__C
  0000127c    0000127c    00000004   00000004    r-- .const:ti_sysbios_knl_Task_numConstructedTasks__C
  00001280    00001280    00000002   00000002    r-- .const:ti_sysbios_family_arm_cc26xx_Timer_Module__id__C
  00001282    00001282    00000002   00000002    r-- .const:ti_sysbios_family_arm_cc26xx_TimestampProvider_useClockTimer__C
  00001284    00001284    00000002   00000002    r-- .const:ti_sysbios_family_arm_m3_Hwi_Module__id__C
  00001286    00001286    00000002   00000002    r-- .const:ti_sysbios_gates_GateHwi_Module__id__C
  00001288    00001288    00000002   00000002    r-- .const:ti_sysbios_gates_GateMutex_Module__id__C
  0000128a    0000128a    00000002   00000002    r-- .const:ti_sysbios_heaps_HeapMem_Module__id__C
  0000128c    0000128c    00000002   00000002    r-- .const:ti_sysbios_knl_Task_initStackFlag__C
  0000128e    0000128e    00000001   00000001    r-- .const:ti_sysbios_knl_Clock_tickMode__C
  00001290    00001290    00000008   00000008    r-- .const:xdc_runtime_Startup_firstFxns__C
  00001298    00001298    00000008   00000008    r-- .const:xdc_runtime_Startup_lastFxns__C
  000012a0    000012a0    00000004   00000004    r-- .const:xdc_runtime_Assert_E_assertFailed__C
  000012a4    000012a4    00000004   00000004    r-- .const:xdc_runtime_Error_E_memory__C
  000012a8    000012a8    00000004   00000004    r-- .const:xdc_runtime_Error_policyFxn__C
  000012ac    000012ac    00000004   00000004    r-- .const:xdc_runtime_Error_raiseHook__C
  000012b0    000012b0    00000004   00000004    r-- .const:xdc_runtime_IGateProvider_Interface__BASE__C
  000012b4    000012b4    00000004   00000004    r-- .const:xdc_runtime_IHeap_Interface__BASE__C
  000012b8    000012b8    00000004   00000004    r-- .const:xdc_runtime_IModule_Interface__BASE__C
  000012bc    000012bc    00000004   00000004    r-- .const:xdc_runtime_Memory_defaultHeapInstance__C
  000012c0    000012c0    00000004   00000004    r-- .const:xdc_runtime_Startup_execImpl__C
  000012c4    000012c4    00000004   00000004    r-- .const:xdc_runtime_Startup_maxPasses__C
  000012c8    000012c8    00000004   00000004    r-- .const:xdc_runtime_Startup_sfxnRts__C
  000012cc    000012cc    00000004   00000004    r-- .const:xdc_runtime_Startup_sfxnTab__C
  000012d0    000012d0    00000004   00000004    r-- .const:xdc_runtime_Startup_startModsFxn__C
  000012d4    000012d4    00000004   00000004    r-- .const:xdc_runtime_SysCallback_abortFxn__C
  000012d8    000012d8    00000004   00000004    r-- .const:xdc_runtime_SysCallback_exitFxn__C
  000012dc    000012dc    00000004   00000004    r-- .const:xdc_runtime_System_abortFxn__C
  000012e0    000012e0    00000004   00000004    r-- .const:xdc_runtime_System_exitFxn__C
  000012e4    000012e4    00000004   00000004    r-- .const:xdc_runtime_System_maxAtexitHandlers__C
  000012e8    000012e8    00000004   00000004    r-- .const:xdc_runtime_Text_charTab__C
  000012ec    000012ec    00000004   00000004    r-- .const:xdc_runtime_Text_nameEmpty__C
  000012f0    000012f0    00000004   00000004    r-- .const:xdc_runtime_Text_nameStatic__C
  000012f4    000012f4    00000004   00000004    r-- .const:xdc_runtime_Text_nameUnknown__C
  000012f8    000012f8    00000002   00000002    r-- .const:xdc_runtime_Error_maxDepth__C
  000012fa    000012fa    00000002   00000002    r-- .const:xdc_runtime_Memory_Module__id__C
  000012fc    000012fc    00000002   00000002    r-- .const:xdc_runtime_Text_charCnt__C
  000012fe    000012fe    00000002   00000002    r-- .const:xdc_runtime_Text_isLoaded__C
  00001300    00001300    00000001   00000001    r-- .const:xdc_runtime_Error_policy__C
  00001304    00001304    00000004   00000004    r-- .const:ti_sysbios_rom_ROM_ti_sysbios_family_arm_cc26xx_Timer_getCount64__E
  00001308    00001308    00000004   00000004    r-- .const:ti_sysbios_rom_ROM_ti_sysbios_family_arm_cc26xx_Timer_getCurrentTick__E
  0000130c    0000130c    00000004   00000004    r-- .const:ti_sysbios_rom_ROM_ti_sysbios_family_arm_cc26xx_Timer_getMaxTicks__E
  00001310    00001310    00000004   00000004    r-- .const:ti_sysbios_rom_ROM_ti_sysbios_family_arm_cc26xx_Timer_initDevice__I
  00001314    00001314    00000004   00000004    r-- .const:ti_sysbios_rom_ROM_ti_sysbios_family_arm_cc26xx_Timer_setNextTick__E
  00001318    00001318    00000004   00000004    r-- .const:ti_sysbios_rom_ROM_ti_sysbios_family_arm_cc26xx_Timer_setThreshold__I
  0000131c    0000131c    00000004   00000004    r-- .const:ti_sysbios_rom_ROM_ti_sysbios_family_arm_cc26xx_Timer_start__E
  00001320    00001320    00000004   00000004    r-- .const:ti_sysbios_rom_ROM_ti_sysbios_family_arm_cc26xx_TimestampProvider_get32__E
  00001324    00001324    00000004   00000004    r-- .const:ti_sysbios_rom_ROM_xdc_runtime_Startup_getState__I
  00001328    00001328    00000004   00000004    r-- .const:ti_sysbios_rom_ROM_xdc_runtime_System_SupportProxy_abort__E
  0000132c    0000132c    00000004   00000004    r-- .const:ti_sysbios_rom_ROM_xdc_runtime_System_SupportProxy_exit__E
  00001330    00001330    000104e4   000104e4    r-x .text.2
  00011814    00011814    0000101e   0000101e    r-- .const
  00012834    00012834    00000088   00000088    r-- .rodata
  000128c0    000128c0    00000524   00000524    r-- .cinit
0001e000    0001e000    00001000   00001000    r--
  0001e000    0001e000    00001000   00001000    r-- .snvSectors
0001ffa8    0001ffa8    00000058   00000058    r--
  0001ffa8    0001ffa8    00000058   00000058    r-- .ccfg
20000100    20000100    00001e5d   00000000    rw-
  20000100    20000100    00000044   00000000    rw- .data:ti_sysbios_knl_Task_Module__state__V
  20000144    20000144    00000034   00000000    rw- .data:ti_sysbios_family_arm_m3_Hwi_Module__state__V
  20000178    20000178    0000002c   00000000    rw- .data:ti_sysbios_knl_Clock_Module__state__V
  200001a4    200001a4    00000024   00000000    rw- .data:ti_sysbios_BIOS_Module__state__V
  200001c8    200001c8    0000001c   00000000    rw- .data:ti_sysbios_knl_Swi_Module__state__V
  200001e4    200001e4    00000008   00000000    rw- .data:ti_sysbios_family_arm_cc26xx_Timer_Module__state__V
  200001ec    200001ec    00000004   00000000    rw- .data:ti_sysbios_family_arm_cc26xx_TimestampProvider_Module__state__V
  200001f0    200001f0    00000008   00000000    rw- .data:xdc_runtime_Startup_Module__state__V
  200001f8    200001f8    00000008   00000000    rw- .data:xdc_runtime_System_Module__state__V
  20000200    20000200    00000004   00000000    rw- .data:xdc_runtime_Memory_Module__state__V
  20000204    20000204    00000002   00000000    rw- .data:xdc_runtime_Error_Module__state__V
  20000208    20000208    00000c78   00000000    rw- .data
  20000e80    20000e80    000010dd   00000000    rw- .bss
20004000    20004000    00000400   00000000    rw-
  20004000    20004000    00000400   00000000    rw- .stack


SECTION ALLOCATION MAP

 output                                  attributes/
section   page    origin      length       input sections
--------  ----  ----------  ----------   ----------------
.const:ti_sysbios_heaps_HeapMem_Module__FXNS__C 
*          0    00001000    00000028     
                  00001000    00000028     app_ble_pem3.oem3 (.const:ti_sysbios_heaps_HeapMem_Module__FXNS__C)

.const:ti_sysbios_gates_GateHwi_Module__FXNS__C 
*          0    00001028    00000024     
                  00001028    00000024     app_ble_pem3.oem3 (.const:ti_sysbios_gates_GateHwi_Module__FXNS__C)

.const:ti_sysbios_gates_GateMutex_Module__FXNS__C 
*          0    0000104c    00000024     
                  0000104c    00000024     app_ble_pem3.oem3 (.const:ti_sysbios_gates_GateMutex_Module__FXNS__C)

.const:ti_sysbios_family_arm_m3_Hwi_Object__DESC__C 
*          0    00001070    00000020     
                  00001070    00000020     app_ble_pem3.oem3 (.const:ti_sysbios_family_arm_m3_Hwi_Object__DESC__C)

.const:ti_sysbios_gates_GateHwi_Object__DESC__C 
*          0    00001090    00000020     
                  00001090    00000020     app_ble_pem3.oem3 (.const:ti_sysbios_gates_GateHwi_Object__DESC__C)

.const:ti_sysbios_gates_GateMutex_Object__DESC__C 
*          0    000010b0    00000020     
                  000010b0    00000020     app_ble_pem3.oem3 (.const:ti_sysbios_gates_GateMutex_Object__DESC__C)

.const:ti_sysbios_hal_Hwi_Object__DESC__C 
*          0    000010d0    00000020     
                  000010d0    00000020     app_ble_pem3.oem3 (.const:ti_sysbios_hal_Hwi_Object__DESC__C)

.const:ti_sysbios_heaps_HeapMem_Object__DESC__C 
*          0    000010f0    00000020     
                  000010f0    00000020     app_ble_pem3.oem3 (.const:ti_sysbios_heaps_HeapMem_Object__DESC__C)

.const:ti_sysbios_knl_Clock_Object__DESC__C 
*          0    00001110    00000020     
                  00001110    00000020     app_ble_pem3.oem3 (.const:ti_sysbios_knl_Clock_Object__DESC__C)

.const:ti_sysbios_knl_Event_Object__DESC__C 
*          0    00001130    00000020     
                  00001130    00000020     app_ble_pem3.oem3 (.const:ti_sysbios_knl_Event_Object__DESC__C)

.const:ti_sysbios_knl_Mailbox_Object__DESC__C 
*          0    00001150    00000020     
                  00001150    00000020     app_ble_pem3.oem3 (.const:ti_sysbios_knl_Mailbox_Object__DESC__C)

.const:ti_sysbios_knl_Queue_Object__DESC__C 
*          0    00001170    00000020     
                  00001170    00000020     app_ble_pem3.oem3 (.const:ti_sysbios_knl_Queue_Object__DESC__C)

.const:ti_sysbios_knl_Semaphore_Object__DESC__C 
*          0    00001190    00000020     
                  00001190    00000020     app_ble_pem3.oem3 (.const:ti_sysbios_knl_Semaphore_Object__DESC__C)

.const:ti_sysbios_knl_Swi_Object__DESC__C 
*          0    000011b0    00000020     
                  000011b0    00000020     app_ble_pem3.oem3 (.const:ti_sysbios_knl_Swi_Object__DESC__C)

.const:ti_sysbios_knl_Task_Object__DESC__C 
*          0    000011d0    00000020     
                  000011d0    00000020     app_ble_pem3.oem3 (.const:ti_sysbios_knl_Task_Object__DESC__C)

.const:ti_sysbios_knl_Idle_funcList__C 
*          0    000011f0    00000008     
                  000011f0    00000008     app_ble_pem3.oem3 (.const:ti_sysbios_knl_Idle_funcList__C)

.const:ti_sysbios_family_arm_cc26xx_Timer_startupNeeded__C 
*          0    000011f8    00000004     
                  000011f8    00000004     app_ble_pem3.oem3 (.const:ti_sysbios_family_arm_cc26xx_Timer_startupNeeded__C)

.const:ti_sysbios_family_arm_m3_Hwi_E_alreadyDefined__C 
*          0    000011fc    00000004     
                  000011fc    00000004     app_ble_pem3.oem3 (.const:ti_sysbios_family_arm_m3_Hwi_E_alreadyDefined__C)

.const:ti_sysbios_family_arm_m3_Hwi_E_hwiLimitExceeded__C 
*          0    00001200    00000004     
                  00001200    00000004     app_ble_pem3.oem3 (.const:ti_sysbios_family_arm_m3_Hwi_E_hwiLimitExceeded__C)

.const:ti_sysbios_family_arm_m3_Hwi_NUM_INTERRUPTS__C 
*          0    00001204    00000004     
                  00001204    00000004     app_ble_pem3.oem3 (.const:ti_sysbios_family_arm_m3_Hwi_NUM_INTERRUPTS__C)

.const:ti_sysbios_family_arm_m3_Hwi_Object__count__C 
*          0    00001208    00000004     
                  00001208    00000004     app_ble_pem3.oem3 (.const:ti_sysbios_family_arm_m3_Hwi_Object__count__C)

.const:ti_sysbios_family_arm_m3_Hwi_Object__table__C 
*          0    0000120c    00000004     
                  0000120c    00000004     app_ble_pem3.oem3 (.const:ti_sysbios_family_arm_m3_Hwi_Object__table__C)

.const:ti_sysbios_family_arm_m3_Hwi_ccr__C 
*          0    00001210    00000004     
                  00001210    00000004     app_ble_pem3.oem3 (.const:ti_sysbios_family_arm_m3_Hwi_ccr__C)

.const:ti_sysbios_family_arm_m3_Hwi_excHandlerFunc__C 
*          0    00001214    00000004     
                  00001214    00000004     app_ble_pem3.oem3 (.const:ti_sysbios_family_arm_m3_Hwi_excHandlerFunc__C)

.const:ti_sysbios_family_arm_m3_Hwi_nullIsrFunc__C 
*          0    00001218    00000004     
                  00001218    00000004     app_ble_pem3.oem3 (.const:ti_sysbios_family_arm_m3_Hwi_nullIsrFunc__C)

.const:ti_sysbios_family_arm_m3_Hwi_numSparseInterrupts__C 
*          0    0000121c    00000004     
                  0000121c    00000004     app_ble_pem3.oem3 (.const:ti_sysbios_family_arm_m3_Hwi_numSparseInterrupts__C)

.const:ti_sysbios_family_arm_m3_Hwi_priGroup__C 
*          0    00001220    00000004     
                  00001220    00000004     app_ble_pem3.oem3 (.const:ti_sysbios_family_arm_m3_Hwi_priGroup__C)

.const:ti_sysbios_family_arm_m3_TaskSupport_stackAlignment__C 
*          0    00001224    00000004     
                  00001224    00000004     app_ble_pem3.oem3 (.const:ti_sysbios_family_arm_m3_TaskSupport_stackAlignment__C)

.const:ti_sysbios_heaps_HeapMem_E_memory__C 
*          0    00001228    00000004     
                  00001228    00000004     app_ble_pem3.oem3 (.const:ti_sysbios_heaps_HeapMem_E_memory__C)

.const:ti_sysbios_heaps_HeapMem_Module__gateObj__C 
*          0    0000122c    00000004     
                  0000122c    00000004     app_ble_pem3.oem3 (.const:ti_sysbios_heaps_HeapMem_Module__gateObj__C)

.const:ti_sysbios_heaps_HeapMem_Object__count__C 
*          0    00001230    00000004     
                  00001230    00000004     app_ble_pem3.oem3 (.const:ti_sysbios_heaps_HeapMem_Object__count__C)

.const:ti_sysbios_heaps_HeapMem_Object__table__C 
*          0    00001234    00000004     
                  00001234    00000004     app_ble_pem3.oem3 (.const:ti_sysbios_heaps_HeapMem_Object__table__C)

.const:ti_sysbios_heaps_HeapMem_reqAlign__C 
*          0    00001238    00000004     
                  00001238    00000004     app_ble_pem3.oem3 (.const:ti_sysbios_heaps_HeapMem_reqAlign__C)

.const:ti_sysbios_knl_Clock_triggerClock__C 
*          0    0000123c    00000004     
                  0000123c    00000004     app_ble_pem3.oem3 (.const:ti_sysbios_knl_Clock_triggerClock__C)

.const:ti_sysbios_knl_Mailbox_Object__count__C 
*          0    00001240    00000004     
                  00001240    00000004     app_ble_pem3.oem3 (.const:ti_sysbios_knl_Mailbox_Object__count__C)

.const:ti_sysbios_knl_Mailbox_Object__table__C 
*          0    00001244    00000004     
                  00001244    00000004     app_ble_pem3.oem3 (.const:ti_sysbios_knl_Mailbox_Object__table__C)

.const:ti_sysbios_knl_Mailbox_maxTypeAlign__C 
*          0    00001248    00000004     
                  00001248    00000004     app_ble_pem3.oem3 (.const:ti_sysbios_knl_Mailbox_maxTypeAlign__C)

.const:ti_sysbios_knl_Queue_Object__count__C 
*          0    0000124c    00000004     
                  0000124c    00000004     app_ble_pem3.oem3 (.const:ti_sysbios_knl_Queue_Object__count__C)

.const:ti_sysbios_knl_Queue_Object__table__C 
*          0    00001250    00000004     
                  00001250    00000004     app_ble_pem3.oem3 (.const:ti_sysbios_knl_Queue_Object__table__C)

.const:ti_sysbios_knl_Semaphore_eventPost__C 
*          0    00001254    00000004     
                  00001254    00000004     app_ble_pem3.oem3 (.const:ti_sysbios_knl_Semaphore_eventPost__C)

.const:ti_sysbios_knl_Semaphore_eventSync__C 
*          0    00001258    00000004     
                  00001258    00000004     app_ble_pem3.oem3 (.const:ti_sysbios_knl_Semaphore_eventSync__C)

.const:ti_sysbios_knl_Swi_Object__count__C 
*          0    0000125c    00000004     
                  0000125c    00000004     app_ble_pem3.oem3 (.const:ti_sysbios_knl_Swi_Object__count__C)

.const:ti_sysbios_knl_Swi_Object__table__C 
*          0    00001260    00000004     
                  00001260    00000004     app_ble_pem3.oem3 (.const:ti_sysbios_knl_Swi_Object__table__C)

.const:ti_sysbios_knl_Swi_numPriorities__C 
*          0    00001264    00000004     
                  00001264    00000004     app_ble_pem3.oem3 (.const:ti_sysbios_knl_Swi_numPriorities__C)

.const:ti_sysbios_knl_Task_Object__count__C 
*          0    00001268    00000004     
                  00001268    00000004     app_ble_pem3.oem3 (.const:ti_sysbios_knl_Task_Object__count__C)

.const:ti_sysbios_knl_Task_Object__table__C 
*          0    0000126c    00000004     
                  0000126c    00000004     app_ble_pem3.oem3 (.const:ti_sysbios_knl_Task_Object__table__C)

.const:ti_sysbios_knl_Task_allBlockedFunc__C 
*          0    00001270    00000004     
                  00001270    00000004     app_ble_pem3.oem3 (.const:ti_sysbios_knl_Task_allBlockedFunc__C)

.const:ti_sysbios_knl_Task_defaultStackHeap__C 
*          0    00001274    00000004     
                  00001274    00000004     app_ble_pem3.oem3 (.const:ti_sysbios_knl_Task_defaultStackHeap__C)

.const:ti_sysbios_knl_Task_defaultStackSize__C 
*          0    00001278    00000004     
                  00001278    00000004     app_ble_pem3.oem3 (.const:ti_sysbios_knl_Task_defaultStackSize__C)

.const:ti_sysbios_knl_Task_numConstructedTasks__C 
*          0    0000127c    00000004     
                  0000127c    00000004     app_ble_pem3.oem3 (.const:ti_sysbios_knl_Task_numConstructedTasks__C)

.const:ti_sysbios_family_arm_cc26xx_Timer_Module__id__C 
*          0    00001280    00000002     
                  00001280    00000002     app_ble_pem3.oem3 (.const:ti_sysbios_family_arm_cc26xx_Timer_Module__id__C)

.const:ti_sysbios_family_arm_cc26xx_TimestampProvider_useClockTimer__C 
*          0    00001282    00000002     
                  00001282    00000002     app_ble_pem3.oem3 (.const:ti_sysbios_family_arm_cc26xx_TimestampProvider_useClockTimer__C)

.const:ti_sysbios_family_arm_m3_Hwi_Module__id__C 
*          0    00001284    00000002     
                  00001284    00000002     app_ble_pem3.oem3 (.const:ti_sysbios_family_arm_m3_Hwi_Module__id__C)

.const:ti_sysbios_gates_GateHwi_Module__id__C 
*          0    00001286    00000002     
                  00001286    00000002     app_ble_pem3.oem3 (.const:ti_sysbios_gates_GateHwi_Module__id__C)

.const:ti_sysbios_gates_GateMutex_Module__id__C 
*          0    00001288    00000002     
                  00001288    00000002     app_ble_pem3.oem3 (.const:ti_sysbios_gates_GateMutex_Module__id__C)

.const:ti_sysbios_heaps_HeapMem_Module__id__C 
*          0    0000128a    00000002     
                  0000128a    00000002     app_ble_pem3.oem3 (.const:ti_sysbios_heaps_HeapMem_Module__id__C)

.const:ti_sysbios_knl_Task_initStackFlag__C 
*          0    0000128c    00000002     
                  0000128c    00000002     app_ble_pem3.oem3 (.const:ti_sysbios_knl_Task_initStackFlag__C)

.const:ti_sysbios_knl_Clock_tickMode__C 
*          0    0000128e    00000001     
                  0000128e    00000001     app_ble_pem3.oem3 (.const:ti_sysbios_knl_Clock_tickMode__C)

.const:xdc_runtime_Startup_firstFxns__C 
*          0    00001290    00000008     
                  00001290    00000008     app_ble_pem3.oem3 (.const:xdc_runtime_Startup_firstFxns__C)

.const:xdc_runtime_Startup_lastFxns__C 
*          0    00001298    00000008     
                  00001298    00000008     app_ble_pem3.oem3 (.const:xdc_runtime_Startup_lastFxns__C)

.const:xdc_runtime_Assert_E_assertFailed__C 
*          0    000012a0    00000004     
                  000012a0    00000004     app_ble_pem3.oem3 (.const:xdc_runtime_Assert_E_assertFailed__C)

.const:xdc_runtime_Error_E_memory__C 
*          0    000012a4    00000004     
                  000012a4    00000004     app_ble_pem3.oem3 (.const:xdc_runtime_Error_E_memory__C)

.const:xdc_runtime_Error_policyFxn__C 
*          0    000012a8    00000004     
                  000012a8    00000004     app_ble_pem3.oem3 (.const:xdc_runtime_Error_policyFxn__C)

.const:xdc_runtime_Error_raiseHook__C 
*          0    000012ac    00000004     
                  000012ac    00000004     app_ble_pem3.oem3 (.const:xdc_runtime_Error_raiseHook__C)

.const:xdc_runtime_IGateProvider_Interface__BASE__C 
*          0    000012b0    00000004     
                  000012b0    00000004     app_ble_pem3.oem3 (.const:xdc_runtime_IGateProvider_Interface__BASE__C)

.const:xdc_runtime_IHeap_Interface__BASE__C 
*          0    000012b4    00000004     
                  000012b4    00000004     app_ble_pem3.oem3 (.const:xdc_runtime_IHeap_Interface__BASE__C)

.const:xdc_runtime_IModule_Interface__BASE__C 
*          0    000012b8    00000004     
                  000012b8    00000004     app_ble_pem3.oem3 (.const:xdc_runtime_IModule_Interface__BASE__C)

.const:xdc_runtime_Memory_defaultHeapInstance__C 
*          0    000012bc    00000004     
                  000012bc    00000004     app_ble_pem3.oem3 (.const:xdc_runtime_Memory_defaultHeapInstance__C)

.const:xdc_runtime_Startup_execImpl__C 
*          0    000012c0    00000004     
                  000012c0    00000004     app_ble_pem3.oem3 (.const:xdc_runtime_Startup_execImpl__C)

.const:xdc_runtime_Startup_maxPasses__C 
*          0    000012c4    00000004     
                  000012c4    00000004     app_ble_pem3.oem3 (.const:xdc_runtime_Startup_maxPasses__C)

.const:xdc_runtime_Startup_sfxnRts__C 
*          0    000012c8    00000004     
                  000012c8    00000004     app_ble_pem3.oem3 (.const:xdc_runtime_Startup_sfxnRts__C)

.const:xdc_runtime_Startup_sfxnTab__C 
*          0    000012cc    00000004     
                  000012cc    00000004     app_ble_pem3.oem3 (.const:xdc_runtime_Startup_sfxnTab__C)

.const:xdc_runtime_Startup_startModsFxn__C 
*          0    000012d0    00000004     
                  000012d0    00000004     app_ble_pem3.oem3 (.const:xdc_runtime_Startup_startModsFxn__C)

.const:xdc_runtime_SysCallback_abortFxn__C 
*          0    000012d4    00000004     
                  000012d4    00000004     app_ble_pem3.oem3 (.const:xdc_runtime_SysCallback_abortFxn__C)

.const:xdc_runtime_SysCallback_exitFxn__C 
*          0    000012d8    00000004     
                  000012d8    00000004     app_ble_pem3.oem3 (.const:xdc_runtime_SysCallback_exitFxn__C)

.const:xdc_runtime_System_abortFxn__C 
*          0    000012dc    00000004     
                  000012dc    00000004     app_ble_pem3.oem3 (.const:xdc_runtime_System_abortFxn__C)

.const:xdc_runtime_System_exitFxn__C 
*          0    000012e0    00000004     
                  000012e0    00000004     app_ble_pem3.oem3 (.const:xdc_runtime_System_exitFxn__C)

.const:xdc_runtime_System_maxAtexitHandlers__C 
*          0    000012e4    00000004     
                  000012e4    00000004     app_ble_pem3.oem3 (.const:xdc_runtime_System_maxAtexitHandlers__C)

.const:xdc_runtime_Text_charTab__C 
*          0    000012e8    00000004     
                  000012e8    00000004     app_ble_pem3.oem3 (.const:xdc_runtime_Text_charTab__C)

.const:xdc_runtime_Text_nameEmpty__C 
*          0    000012ec    00000004     
                  000012ec    00000004     app_ble_pem3.oem3 (.const:xdc_runtime_Text_nameEmpty__C)

.const:xdc_runtime_Text_nameStatic__C 
*          0    000012f0    00000004     
                  000012f0    00000004     app_ble_pem3.oem3 (.const:xdc_runtime_Text_nameStatic__C)

.const:xdc_runtime_Text_nameUnknown__C 
*          0    000012f4    00000004     
                  000012f4    00000004     app_ble_pem3.oem3 (.const:xdc_runtime_Text_nameUnknown__C)

.const:xdc_runtime_Error_maxDepth__C 
*          0    000012f8    00000002     
                  000012f8    00000002     app_ble_pem3.oem3 (.const:xdc_runtime_Error_maxDepth__C)

.const:xdc_runtime_Memory_Module__id__C 
*          0    000012fa    00000002     
                  000012fa    00000002     app_ble_pem3.oem3 (.const:xdc_runtime_Memory_Module__id__C)

.const:xdc_runtime_Text_charCnt__C 
*          0    000012fc    00000002     
                  000012fc    00000002     app_ble_pem3.oem3 (.const:xdc_runtime_Text_charCnt__C)

.const:xdc_runtime_Text_isLoaded__C 
*          0    000012fe    00000002     
                  000012fe    00000002     app_ble_pem3.oem3 (.const:xdc_runtime_Text_isLoaded__C)

.const:xdc_runtime_Error_policy__C 
*          0    00001300    00000001     
                  00001300    00000001     app_ble_pem3.oem3 (.const:xdc_runtime_Error_policy__C)

.const:ti_sysbios_rom_ROM_ti_sysbios_family_arm_cc26xx_Timer_getCount64__E 
*          0    00001304    00000004     
                  00001304    00000004     app_ble_pem3.oem3 (.const:ti_sysbios_rom_ROM_ti_sysbios_family_arm_cc26xx_Timer_getCount64__E)

.const:ti_sysbios_rom_ROM_ti_sysbios_family_arm_cc26xx_Timer_getCurrentTick__E 
*          0    00001308    00000004     
                  00001308    00000004     app_ble_pem3.oem3 (.const:ti_sysbios_rom_ROM_ti_sysbios_family_arm_cc26xx_Timer_getCurrentTick__E)

.const:ti_sysbios_rom_ROM_ti_sysbios_family_arm_cc26xx_Timer_getMaxTicks__E 
*          0    0000130c    00000004     
                  0000130c    00000004     app_ble_pem3.oem3 (.const:ti_sysbios_rom_ROM_ti_sysbios_family_arm_cc26xx_Timer_getMaxTicks__E)

.const:ti_sysbios_rom_ROM_ti_sysbios_family_arm_cc26xx_Timer_initDevice__I 
*          0    00001310    00000004     
                  00001310    00000004     app_ble_pem3.oem3 (.const:ti_sysbios_rom_ROM_ti_sysbios_family_arm_cc26xx_Timer_initDevice__I)

.const:ti_sysbios_rom_ROM_ti_sysbios_family_arm_cc26xx_Timer_setNextTick__E 
*          0    00001314    00000004     
                  00001314    00000004     app_ble_pem3.oem3 (.const:ti_sysbios_rom_ROM_ti_sysbios_family_arm_cc26xx_Timer_setNextTick__E)

.const:ti_sysbios_rom_ROM_ti_sysbios_family_arm_cc26xx_Timer_setThreshold__I 
*          0    00001318    00000004     
                  00001318    00000004     app_ble_pem3.oem3 (.const:ti_sysbios_rom_ROM_ti_sysbios_family_arm_cc26xx_Timer_setThreshold__I)

.const:ti_sysbios_rom_ROM_ti_sysbios_family_arm_cc26xx_Timer_start__E 
*          0    0000131c    00000004     
                  0000131c    00000004     app_ble_pem3.oem3 (.const:ti_sysbios_rom_ROM_ti_sysbios_family_arm_cc26xx_Timer_start__E)

.const:ti_sysbios_rom_ROM_ti_sysbios_family_arm_cc26xx_TimestampProvider_get32__E 
*          0    00001320    00000004     
                  00001320    00000004     app_ble_pem3.oem3 (.const:ti_sysbios_rom_ROM_ti_sysbios_family_arm_cc26xx_TimestampProvider_get32__E)

.const:ti_sysbios_rom_ROM_xdc_runtime_Startup_getState__I 
*          0    00001324    00000004     
                  00001324    00000004     app_ble_pem3.oem3 (.const:ti_sysbios_rom_ROM_xdc_runtime_Startup_getState__I)

.const:ti_sysbios_rom_ROM_xdc_runtime_System_SupportProxy_abort__E 
*          0    00001328    00000004     
                  00001328    00000004     app_ble_pem3.oem3 (.const:ti_sysbios_rom_ROM_xdc_runtime_System_SupportProxy_abort__E)

.const:ti_sysbios_rom_ROM_xdc_runtime_System_SupportProxy_exit__E 
*          0    0000132c    00000004     
                  0000132c    00000004     app_ble_pem3.oem3 (.const:ti_sysbios_rom_ROM_xdc_runtime_System_SupportProxy_exit__E)

.data:ti_sysbios_knl_Task_Module__state__V 
*          0    20000100    00000044     UNINITIALIZED
                  20000100    00000044     app_ble_pem3.oem3 (.data:ti_sysbios_knl_Task_Module__state__V)

.data:ti_sysbios_family_arm_m3_Hwi_Module__state__V 
*          0    20000144    00000034     UNINITIALIZED
                  20000144    00000034     app_ble_pem3.oem3 (.data:ti_sysbios_family_arm_m3_Hwi_Module__state__V)

.data:ti_sysbios_knl_Clock_Module__state__V 
*          0    20000178    0000002c     UNINITIALIZED
                  20000178    0000002c     app_ble_pem3.oem3 (.data:ti_sysbios_knl_Clock_Module__state__V)

.data:ti_sysbios_BIOS_Module__state__V 
*          0    200001a4    00000024     UNINITIALIZED
                  200001a4    00000024     app_ble_pem3.oem3 (.data:ti_sysbios_BIOS_Module__state__V)

.data:ti_sysbios_knl_Swi_Module__state__V 
*          0    200001c8    0000001c     UNINITIALIZED
                  200001c8    0000001c     app_ble_pem3.oem3 (.data:ti_sysbios_knl_Swi_Module__state__V)

.data:ti_sysbios_family_arm_cc26xx_Timer_Module__state__V 
*          0    200001e4    00000008     UNINITIALIZED
                  200001e4    00000008     app_ble_pem3.oem3 (.data:ti_sysbios_family_arm_cc26xx_Timer_Module__state__V)

.data:ti_sysbios_family_arm_cc26xx_TimestampProvider_Module__state__V 
*          0    200001ec    00000004     UNINITIALIZED
                  200001ec    00000004     app_ble_pem3.oem3 (.data:ti_sysbios_family_arm_cc26xx_TimestampProvider_Module__state__V)

.data:xdc_runtime_Startup_Module__state__V 
*          0    200001f0    00000008     UNINITIALIZED
                  200001f0    00000008     app_ble_pem3.oem3 (.data:xdc_runtime_Startup_Module__state__V)

.data:xdc_runtime_System_Module__state__V 
*          0    200001f8    00000008     UNINITIALIZED
                  200001f8    00000008     app_ble_pem3.oem3 (.data:xdc_runtime_System_Module__state__V)

.data:xdc_runtime_Memory_Module__state__V 
*          0    20000200    00000004     UNINITIALIZED
                  20000200    00000004     app_ble_pem3.oem3 (.data:xdc_runtime_Memory_Module__state__V)

.data:xdc_runtime_Error_Module__state__V 
*          0    20000204    00000002     UNINITIALIZED
                  20000204    00000002     app_ble_pem3.oem3 (.data:xdc_runtime_Error_Module__state__V)

.bootVecs 
*          0    00000000    00000008     DSECT
                  00000000    00000008     boot.aem3 : boot.oem3 (.bootVecs)

.resetVecs 
*          0    00000000    0000003c     
                  00000000    0000003c     app_ble_pem3.oem3 (.resetVecs)

.vecs      0    20000000    000000c8     NOLOAD SECTION
                  20000000    000000c8     app_ble_pem3.oem3 (.vecs)

xdc.meta   0    00000000    00000117     COPY SECTION
                  00000000    00000117     app_ble_pem3.oem3 (xdc.meta)

xdc.noload 
*          0    00000000    00000000     COPY SECTION

.cinit     0    000128c0    00000524     
                  000128c0    000003de     (.cinit..data.load) [load image, compression = lzss]
                  00012c9e    00000029     (.cinit..data:ti_sysbios_family_arm_m3_Hwi_Module__state__V.load) [load image, compression = lzss]
                  00012cc7    00000021     (.cinit..data:ti_sysbios_knl_Task_Module__state__V.load) [load image, compression = lzss]
                  00012ce8    0000001f     (.cinit..data:ti_sysbios_BIOS_Module__state__V.load) [load image, compression = lzss]
                  00012d07    0000001e     (.cinit..data:ti_sysbios_knl_Clock_Module__state__V.load) [load image, compression = lzss]
                  00012d25    00000010     (.cinit..data:ti_sysbios_knl_Swi_Module__state__V.load) [load image, compression = lzss]
                  00012d35    00000003     --HOLE-- [fill = 0]
                  00012d38    0000000c     (__TI_handler_table)
                  00012d44    0000000b     (.cinit..data:ti_sysbios_family_arm_cc26xx_Timer_Module__state__V.load) [load image, compression = lzss]
                  00012d4f    00000001     --HOLE-- [fill = 0]
                  00012d50    00000008     (.cinit..bss.load) [load image, compression = zero_init]
                  00012d58    00000008     (.cinit..data:xdc_runtime_Memory_Module__state__V.load) [load image, compression = lzss]
                  00012d60    00000007     (.cinit..data:ti_sysbios_family_arm_cc26xx_TimestampProvider_Module__state__V.load) [load image, compression = lzss]
                  00012d67    00000007     (.cinit..data:xdc_runtime_Startup_Module__state__V.load) [load image, compression = lzss]
                  00012d6e    00000007     (.cinit..data:xdc_runtime_System_Module__state__V.load) [load image, compression = lzss]
                  00012d75    00000006     (.cinit..data:xdc_runtime_Error_Module__state__V.load) [load image, compression = lzss]
                  00012d7b    00000001     --HOLE-- [fill = 0]
                  00012d7c    00000068     (__TI_cinit_table)

.init_array 
*          0    00000000    00000000     UNINITIALIZED

.snvSectors 
*          0    0001e000    00001000     
                  0001e000    00001000     dps_peripheral_cc2640r2lp_stack_library.lib : osal_snv_wrapper.obj (.snvSectors:retain)

.ccfg      0    0001ffa8    00000058     
                  0001ffa8    00000058     ccfg_app_ble.obj (.ccfg:retain)

.data      0    20000208    00000c78     UNINITIALIZED
                  20000208    00000174     dps_peripheral_cc2640r2lp_stack_library.lib : gapbondmgr.obj (.data:$O1$$)
                  2000037c    00000130     devinfoservice.obj (.data:devInfoAttrTbl)
                  200004ac    00000114     drivers_cc26x0r2.aem3 : PINCC26XX.oem3 (.data:$O1$$)
                  200005c0    00000114                           : PowerCC26XX.oem3 (.data:PowerCC26XX_module)
                  200006d4    000000d0     DPSModbusService.obj (.data:DPSModbusServiceAttrTbl)
                  200007a4    0000007c     dps_peripheral_cc2640r2lp_stack_library.lib : osal_cbtimer.obj (.data:$O1$$)
                  20000820    00000070     cc26xx_profiles_pxxx.a : gapgattserver.o (.data)
                  20000890    00000054     cc26xx_gap_pxxx.a : gap_configmgr.o (.data)
                  200008e4    0000004c     app_ble_pem3.oem3 (.data:ti_sysbios_knl_Task_Object__table__V)
                  20000930    00000048     app_ble_pem3.oem3 (.data:ti_sysbios_family_arm_cc26xx_Timer_Object__table__V)
                  20000978    00000038     app_ble_pem3.oem3 (.data:ti_sysbios_gates_GateMutex_Object__table__V)
                  200009b0    00000034     cc2640_ctrlll_pxxx.a : ll_config.o (.data)
                  200009e4    00000030     ble_user_config.obj (.data:rfRegTbl)
                  20000a14    00000030     app_ble_pem3.oem3 (.data:ti_sysbios_knl_Swi_Module_State_0_readyQ__A)
                  20000a44    00000030     app_ble_pem3.oem3 (.data:ti_sysbios_knl_Swi_Object__table__V)
                  20000a74    00000030     app_ble_pem3.oem3 (.data:ti_sysbios_knl_Task_Module_State_0_readyQ__A)
                  20000aa4    00000028     dps_peripheral_cc2640r2lp_stack_library.lib : osal.obj (.data:$O1$$)
                  20000acc    00000024     cc26xx_profiles_pxxx.a : gapgattserver.o (.data)
                  20000af0    00000020     drivers_cc26x0r2.aem3 : CryptoCC26XX.oem3 (.data:$O1$$)
                  20000b10    00000020     ECCROMCC26XX.obj (.data:K2_mont)
                  20000b30    00000020     app_ble_pem3.oem3 (.data:ti_sysbios_knl_Clock_Object__table__V)
                  20000b50    00000020     app_ble_pem3.oem3 (.data:xdc_runtime_Error_IgnoreBlock)
                  20000b70    0000001f     peripheral.obj (.data:gapRole_AdvertData)
                  20000b8f    0000001f     peripheral.obj (.data:gapRole_ScanRspData)
                  20000bae    00000002     DPSModbusService.obj (.data:DPSModbusService_BrightnessCharVal)
                  20000bb0    0000001d     icall.obj (.data)
                  20000bcd    00000002     DPSModbusService.obj (.data:DPSModbusService_CurrentCharVal)
                  20000bcf    00000001     ECCROMCC26XX.obj (.data)
                  20000bd0    0000001c     peripheral.obj (.data)
                  20000bec    00000019     simple_peripheral.obj (.data:scanRspData)
                  20000c05    00000002     DPSModbusService.obj (.data:DPSModbusService_SwitchCharVal)
                  20000c07    00000001     TRNGCC26XX.obj (.data)
                  20000c08    00000018     app_ble_pem3.oem3 (.data:ti_sysbios_family_arm_m3_Hwi_Object__table__V)
                  20000c20    00000015     simple_peripheral.obj (.data:attDeviceName)
                  20000c35    00000015     devinfoservice.obj (.data:devInfoFirmwareRev)
                  20000c4a    00000015     devinfoservice.obj (.data:devInfoHardwareRev)
                  20000c5f    00000015     devinfoservice.obj (.data:devInfoMfrName)
                  20000c74    00000015     devinfoservice.obj (.data:devInfoModelNumber)
                  20000c89    00000015     devinfoservice.obj (.data:devInfoSerialNumber)
                  20000c9e    00000015     devinfoservice.obj (.data:devInfoSoftwareRev)
                  20000cb3    00000001     cc26xx_profiles_pxxx.a : gapgattserver.o (.data)
                  20000cb4    00000010     icall_user_config.obj (.data:bleAppServiceInfoTable)
                  20000cc4    00000010     cc26xx_profiles_pxxx.a : gattservapp.o (.data)
                  20000cd4    00000010     icall_api_lite.obj (.data)
                  20000ce4    00000010     ble_user_config.obj (.data:rfModeOverride)
                  20000cf4    00000010     main.obj (.data:user0Cfg)
                  20000d04    0000000e     DPSModbusService.obj (.data:BrightnessDesc)
                  20000d12    0000000e     DPSModbusService.obj (.data:CurrentDesc)
                  20000d20    0000000e     DPSModbusService.obj (.data:SwitchDesc)
                  20000d2e    0000000e     DPSModbusService.obj (.data:VoltageDesc)
                  20000d3c    0000000e     devinfoservice.obj (.data:defaultDevInfo11073Cert)
                  20000d4a    00000002     DPSModbusService.obj (.data:DPSModbusService_VoltageCharVal)
                  20000d4c    0000000e     devinfoservice.obj (.data)
                  20000d5a    00000002     app_ble_pem3.oem3 (.data:ti_sysbios_family_arm_m3_Hwi_Module_State_0_excActive__A)
                  20000d5c    0000000c     cc2640_ctrlll_pxxx.a : ll_data.o (.data)
                  20000d68    0000000c     app_ble_pem3.oem3 (.data:ti_sysbios_heaps_HeapCallback_Object__table__V)
                  20000d74    0000000a     peripheral.obj (.data:gapRole_updateConnParams)
                  20000d7e    00000001     cc26xx_profiles_pxxx.a : gapgattserver.o (.data)
                  20000d7f    00000001                            : gapgattserver.o (.data)
                  20000d80    00000008     dps_peripheral_cc2640r2lp_stack_library.lib : hal_assert.obj (.data:$O1$$)
                  20000d88    00000008                                                 : osal_clock.obj (.data:$O1$$)
                  20000d90    00000008     rtsv7M3_T_le_eabi.lib : _lock.c.obj (.data:$O1$$)
                  20000d98    00000008     DPSModbusService.obj (.data)
                  20000da0    00000008     devinfoservice.obj (.data:devInfoSystemId)
                  20000da8    00000008     icall_cc2650.obj (.data)
                  20000db0    00000008     simple_peripheral.obj (.data:simplePeripheral_BondMgrCBs)
                  20000db8    00000008     simple_peripheral.obj (.data)
                  20000dc0    00000008     app_ble_pem3.oem3 (.data:ti_sysbios_family_arm_m3_Hwi_Module__root__V)
                  20000dc8    00000008     app_ble_pem3.oem3 (.data:ti_sysbios_gates_GateHwi_Module__root__V)
                  20000dd0    00000008     app_ble_pem3.oem3 (.data:ti_sysbios_gates_GateMutex_Module__root__V)
                  20000dd8    00000008     app_ble_pem3.oem3 (.data:ti_sysbios_hal_Hwi_Module__root__V)
                  20000de0    00000008     app_ble_pem3.oem3 (.data:ti_sysbios_heaps_HeapCallback_Module__root__V)
                  20000de8    00000008     app_ble_pem3.oem3 (.data:ti_sysbios_heaps_HeapMem_Module__root__V)
                  20000df0    00000008     app_ble_pem3.oem3 (.data:ti_sysbios_knl_Clock_Module__root__V)
                  20000df8    00000008     app_ble_pem3.oem3 (.data:ti_sysbios_knl_Event_Module__root__V)
                  20000e00    00000008     app_ble_pem3.oem3 (.data:ti_sysbios_knl_Mailbox_Module__root__V)
                  20000e08    00000008     app_ble_pem3.oem3 (.data:ti_sysbios_knl_Queue_Module__root__V)
                  20000e10    00000008     app_ble_pem3.oem3 (.data:ti_sysbios_knl_Semaphore_Module__root__V)
                  20000e18    00000008     app_ble_pem3.oem3 (.data:ti_sysbios_knl_Swi_Module__root__V)
                  20000e20    00000008     app_ble_pem3.oem3 (.data:ti_sysbios_knl_Task_Module__root__V)
                  20000e28    00000008     simple_peripheral.obj (.data:user_DPSModbusServiceCBs)
                  20000e30    00000008     app_ble_pem3.oem3 (.data:xdc_runtime_Registry_Module__state__V)
                  20000e38    00000007     simple_peripheral.obj (.data:advertData)
                  20000e3f    00000007     devinfoservice.obj (.data:devInfoPnpId)
                  20000e46    00000006     peripheral.obj (.data:gapRole_AdvDirectAddr)
                  20000e4c    00000006     peripheral.obj (.data:gapRole_ConnectedDevAddr)
                  20000e52    00000001     dps_peripheral_cc2640r2lp_stack_library.lib : npi.obj (.data)
                  20000e53    00000001     drivers_cc26x0r2.aem3 : UART.oem3 (.data)
                  20000e54    00000004     dps_peripheral_cc2640r2lp_stack_library.lib : osal_pwrmgr.obj (.data:$O1$$)
                  20000e58    00000004                                                 : osal_snv_wrapper.obj (.data:$O1$$)
                  20000e5c    00000004     icall.obj (.data:ICall_initParams)
                  20000e60    00000004     simple_peripheral.obj (.data:SimplePeripheral_gapRoleCBs)
                  20000e64    00000004     ble_user_config.obj (.data)
                  20000e68    00000004     dps_peripheral_cc2640r2lp_stack_library.lib : ble_user_config.obj (.data)
                  20000e6c    00000004                                                 : osal_bufmgr.obj (.data)
                  20000e70    00000004     rtsv7M3_T_le_eabi.lib : stkdepth_vars.c.obj (.data)
                  20000e74    00000004     app_ble_pem3.oem3 (.data:ti_sysbios_family_arm_m3_Hwi_Module_State_0_excContext__A)
                  20000e78    00000004     app_ble_pem3.oem3 (.data:ti_sysbios_family_arm_m3_Hwi_Module_State_0_excStack__A)
                  20000e7c    00000004     app_ble_pem3.oem3 (.data:ti_sysbios_knl_Task_Module_State_0_idleTask__A)

.bss       0    20000e80    000010dd     UNINITIALIZED
                  20000e80    00000284     (.common:sbpTaskStack)
                  20001104    00000004     ECCROMCC26XX.obj (.bss)
                  20001108    00000200     RFCC26XX_singleMode.obj (.bss:RF_cmdPool)
                  20001308    00000200     app_ble_pem3.oem3 (.bss:taskStackSection)
                  20001508    000001e0     (.common:gapRoleTaskStack)
                  200016e8    00000128     (.common:uartCC26XXObjects)
                  20001810    000000c8     (.common:ti_sysbios_family_arm_m3_Hwi_dispatchTable)
                  200018d8    00000080     CC2640R2_LAUNCHXL.obj (.bss:uartStringBuf)
                  20001958    00000080     (.common:_u16TransmitBuffer)
                  200019d8    00000080     (.common:cryptoCC26XXObjects)
                  20001a58    00000078     cc2640_ctrlll_pxxx.a : ll.o (.bss)
                  20001ad0    00000068     RFCC26XX_singleMode.obj (.bss:RF_ratModule)
                  20001b38    00000050     (.common:gapRoleTask)
                  20001b88    00000050     (.common:sbpTask)
                  20001bd8    00000048     icall.obj (.bss:ICall_entities)
                  20001c20    00000034     RFCC26XX_singleMode.obj (.bss:RF_swiFsmObj)
                  20001c54    00000034     RFCC26XX_singleMode.obj (.bss:RF_swiHwObj)
                  20001c88    00000024     icall.obj (.bss:ICall_tasks)
                  20001cac    00000024     RFCC26XX_singleMode.obj (.bss:RF_clkInactivityObj)
                  20001cd0    00000024     RFCC26XX_singleMode.obj (.bss:RF_clkPowerUpObj)
                  20001cf4    00000024     simple_peripheral.obj (.bss:periodicClock)
                  20001d18    00000024     peripheral.obj (.bss:startAdvClock)
                  20001d3c    00000024     peripheral.obj (.bss:startUpdateClock)
                  20001d60    00000024     peripheral.obj (.bss:updateTimeoutClock)
                  20001d84    00000024     (.common:uartParams)
                  20001da8    00000020     (.common:uartCC26XXRingBuffer)
                  20001dc8    0000001c     RFCC26XX_singleMode.obj (.bss:RF_cmdQ)
                  20001de4    0000001c     RFCC26XX_singleMode.obj (.bss:RF_hwiCpe0Obj)
                  20001e00    0000001c     RFCC26XX_singleMode.obj (.bss:RF_hwiHwObj)
                  20001e1c    00000014     RFCC26XX_singleMode.obj (.bss:RF_ratSyncCmd)
                  20001e30    00000014     RFCC26XX_singleMode.obj (.bss:RF_wakeupNotifyObj)
                  20001e44    00000014     driverlib.lib : osc.obj (.bss:oscHfGlobals)
                  20001e58    00000014     peripheral.obj (.bss)
                  20001e6c    00000011     RFCC26XX_singleMode.obj (.bss)
                  20001e7d    00000001     cc26xx_hci_tl_none.a : hci_tl.o (.bss)
                  20001e7e    00000002     cc2640_ctrlll_pxxx.a : ll_slave_end_causes.o (.bss)
                  20001e80    00000010     RFCC26XX_singleMode.obj (.bss:RF_core)
                  20001e90    00000010     peripheral.obj (.bss:gapRole_IRK)
                  20001ea0    00000010     peripheral.obj (.bss:gapRole_SRK)
                  20001eb0    00000010     util.obj (.bss:str$1)
                  20001ec0    0000000c     dps_peripheral_cc2640r2lp_stack_library.lib : osal_timers.obj (.bss:$O1$$)
                  20001ecc    0000000c     simple_peripheral.obj (.bss:appMsg)
                  20001ed8    0000000c     cc2640_ctrlll_pxxx.a : ll_scheduler.o (.bss)
                  20001ee4    0000000c     icall.obj (.bss)
                  20001ef0    0000000c     simple_peripheral.obj (.bss)
                  20001efc    0000000c     (.common:displayUartObject)
                  20001f08    00000008     dpl_cc26x0r2.aem3 : PowerCC26XX_tirtos.oem3 (.bss:$O1$$)
                  20001f10    00000008     cc2640_ctrlll_pxxx.a : ll_common.o (.bss)
                  20001f18    00000008     peripheral.obj (.bss:gapRole_bdAddr)
                  20001f20    00000008     driverlib.lib : sys_ctrl.obj (.bss:powerQualGlobals)
                  20001f28    00000004     att_rsp.obj (.bss)
                  20001f2c    00000004     cc2640_ctrlll_pxxx.a : ll.o (.bss)
                  20001f30    00000004     cc26xx_gap_pxxx.a : gap_linkmgr.o (.bss)
                  20001f34    00000004     cc26xx_profiles_pxxx.a : gapgattserver.o (.bss)
                  20001f38    00000004     (.common:ClockP_tickPeriod)
                  20001f3c    00000004     (.common:HEAPMGR_SIZE)
                  20001f40    00000004     (.common:huart)
                  20001f44    00000004     (.common:tasksEvents)
                  20001f48    00000004     (.common:trngCC26XXObjects)
                  20001f4c    00000002     drivers_cc26x0r2.aem3 : UARTCC26XX.oem3 (.bss)
                  20001f4e    00000002     (.common:_u16ReadAddress)
                  20001f50    00000002     (.common:_u16ReadQty)
                  20001f52    00000002     (.common:_u16WriteAddress)
                  20001f54    00000001     cc26xx_hci_tl_none.a : hci_tl.o (.bss)
                  20001f55    00000001                          : hci_tl.o (.bss)
                  20001f56    00000001                          : hci_tl.o (.bss)
                  20001f57    00000001                          : hci_tl.o (.bss)
                  20001f58    00000001     drivers_cc26x0r2.aem3 : CryptoCC26XX.oem3 (.bss)
                  20001f59    00000001     (.common:_u8MBSlave)
                  20001f5a    00000001     (.common:driverlib_release_0_53646)
                  20001f5b    00000001     (.common:icall_liteTaskId)
                  20001f5c    00000001     (.common:osal_entity)

.vtable    0    20001f5d    00000000     UNINITIALIZED

.vtable_ram 
*          0    20001f5d    00000000     UNINITIALIZED

vtable_ram 
*          0    20001f5d    00000000     UNINITIALIZED

.sysmem    0    20001f5d    00000000     UNINITIALIZED

.nonretenvar 
*          0    20001f5d    00000000     UNINITIALIZED

.stack     0    20004000    00000400     UNINITIALIZED
                  20004000    00000400     --HOLE--

.text.1    0    0000003c    00000fc4     
                  0000003c    000005d0     cc2640_ctrlll_pxxx.a : ll.o (.text)
                  0000060c    00000008     ble_r2.symbols (.tramp.LL_ENC_GenerateTrueRandNum.1)
                  00000614    00000008     ble_r2.symbols (.tramp.LL_PRIV_GenerateRSA.1)
                  0000061c    00000008     ble_r2.symbols (.tramp.LL_ENC_Init.1)
                  00000624    00000578     peripheral.obj (.text:GAPRole_SetParameter)
                  00000b9c    00000390     cc2640_ctrlll_pxxx.a : ll_slave_end_causes.o (.text)
                  00000f2c    00000008     ble_r2.symbols (.tramp.llCheckForLstoDuringSL.1)
                  00000f34    00000008     ble_r2.symbols (.tramp.llEventInRange.1)
                  00000f3c    00000008     ble_r2.symbols (.tramp.llEventDelta.1)
                  00000f44    00000008     ble_r2.symbols (.tramp.llConvertLstoToEvent.1)
                  00000f4c    00000008     ble_r2.symbols (.tramp.LL_ConnParamUpdateCback.1)
                  00000f54    00000008     ble_r2.symbols (.tramp.llConvertCtrlProcTimeoutToEvent.1)
                  00000f5c    00000008     ble_r2.symbols (.tramp.llConnTerminate.1)
                  00000f64    00000008     ble_r2.symbols (.tramp.llSetNextDataChan.1)
                  00000f6c    00000094     driverlib.lib : crypto.obj (.text:NOROM_CRYPTOAesLoadKey)

.text.2    0    00001330    000104e4     
                  00001330    00000548     peripheral.obj (.text:gapRole_processGAPMsg)
                  00001878    00000314     drivers_cc26x0r2.aem3 : PowerCC26XX_calibrateRCOSC.oem3 (.text:PowerCC26XX_auxISR)
                  00001b8c    0000030c     rom_sysbios.aem3 : rom_sysbios.obj (.text:xdc_runtime_System_doPrint__I)
                  00001e98    00000304     cc2640_ctrlll_pxxx.a : ll.o (.text)
                  0000219c    000002f8     simple_peripheral.obj (.text:SimplePeripheral_init)
                  00002494    000002f4     cc2640_ctrlll_pxxx.a : ll_scheduler.o (.text)
                  00002788    00000274     peripheral.obj (.text:GAPRole_GetParameter)
                  000029fc    00000268     RFCC26XX_singleMode.obj (.text:RF_fsmActiveState)
                  00002c64    00000258     drivers_cc26x0r2.aem3 : CryptoCC26XX.oem3 (.text:cryptoTransactionExecute)
                  00002ebc    0000023c     cc26xx_profiles_pxxx.a : gapgattserver.o (.text)
                  000030f8    00000230     main.obj (.text:AssertHandler)
                  00003328    00000230     cc2640_ctrlll_pxxx.a : ll_isr.o (.text)
                  00003558    0000022c     dps_peripheral_cc2640r2lp_stack_library.lib : gapbondmgr.obj (.text:GAPBondMgr_SetParameter)
                  00003784    0000022c     drivers_cc26x0r2.aem3 : PowerCC26XX.oem3 (.text:Power_sleep)
                  000039b0    00000228     simple_peripheral.obj (.text:SimplePeripheral_processStateChangeEvt)
                  00003bd8    0000020c     driverlib.lib : sys_ctrl.obj (.text:NOROM_SysCtrlSetRechargeBeforePowerDown)
                  00003de4    0000020c     cc2640_ctrlll_pxxx.a : ll_common.o (.text)
                  00003ff0    00000208     ECCROMCC26XX.obj (.text:ECCROMCC26XX_genDHKey)
                  000041f8    00000208     ECCROMCC26XX.obj (.text:ECC_VerifyPublicKeyWeierstrass)
                  00004400    00000204     cc26xx_profiles_pxxx.a : gattservapp.o (.text)
                  00004604    000001f4     devinfoservice.obj (.text:DevInfo_SetParameter)
                  000047f8    000001e4     dps_peripheral_cc2640r2lp_stack_library.lib : gapbondmgr.obj (.text:GAPBondMgr_ProcessGAPMsg)
                  000049dc    000001e0     ModbusMaster.obj (.text:ModbusMaster_ModbusMasterTransaction)
                  00004bbc    000001d0     dps_peripheral_cc2640r2lp_stack_library.lib : gapbondmgr.obj (.text:gapBondMgrAddBond)
                  00004d8c    000001c8     DPSModbusService.obj (.text:DPSModbusService_WriteAttrCB)
                  00004f54    000001c8     dps_peripheral_cc2640r2lp_stack_library.lib : osal.obj (.text:osal_run_system)
                  0000511c    000001c4     cc2640_ctrlll_pxxx.a : ll_isr.o (.text)
                  000052e0    000001b8     drivers_cc26x0r2.aem3 : PINCC26XX.oem3 (.text:PIN_init)
                  00005498    000001a0     RFCC26XX_singleMode.obj (.text:RF_fsmSetupState)
                  00005638    000001a0     devinfoservice.obj (.text:devInfo_ReadAttrCB)
                  000057d8    00000190     drivers_cc26x0r2.aem3 : PowerCC26XX_calibrateRCOSC.oem3 (.text:PowerCC26XX_doCalibrate)
                  00005968    0000018c     ECCROMCC26XX.obj (.text:ECCROMCC26XX_genKeys)
                  00005af4    00000180     dps_peripheral_cc2640r2lp_stack_library.lib : gapbondmgr.obj (.text:gapBondMgrAuthenticate)
                  00005c74    0000016c     cc2640_ctrlll_pxxx.a : ll.o (.text)
                  00005de0    0000016c                          : ll_isr.o (.text)
                  00005f4c    0000016c     peripheral.obj (.text:gapRole_taskFxn)
                  000060b8    00000168     DPSModbusService.obj (.text:DPSModbusService_ReadAttrCB)
                  00006220    00000154     drivers_cc26x0r2.aem3 : UARTCC26XX.oem3 (.text:UARTCC26XX_open)
                  00006374    00000150     dps_peripheral_cc2640r2lp_stack_library.lib : gapbondmgr.obj (.text:GAPBondMgr_ProcessEvent)
                  000064c4    00000148     RFCC26XX_singleMode.obj (.text:RF_init)
                  0000660c    00000148     drivers_cc26x0r2.aem3 : UARTCC26XX.oem3 (.text:UARTCC26XX_hwiIntFxn)
                  00006754    00000140     icall.obj (.text:ICall_waitMatch)
                  00006894    00000134     icall.obj (.text:ICall_heapMalloc)
                  000069c8    00000134     RFCC26XX_singleMode.obj (.text:RF_control)
                  00006afc    00000134     drivers_cc26x0r2.aem3 : UARTCC26XX.oem3 (.text:UARTCC26XX_read)
                  00006c30    0000012c                           : PowerCC26XX.oem3 (.text:Power_init)
                  00006d5c    00000128     cc2640_ctrlll_pxxx.a : ll_scheduler.o (.text)
                  00006e84    00000124     dps_peripheral_cc2640r2lp_stack_library.lib : osal_snv_wrapper.obj (.text:compactPage)
                  00006fa8    00000124                                                 : gapbondmgr.obj (.text:gapBondMgrEraseBonding)
                  000070cc    0000011c     RFCC26XX_singleMode.obj (.text:RF_abortCmd)
                  000071e8    0000011c     RFCC26XX_singleMode.obj (.text:RF_swiHw)
                  00007304    0000011c     simple_peripheral.obj (.text:SimplePeripheral_processPairState)
                  00007420    00000118     RFCC26XX_singleMode.obj (.text:RF_open)
                  00007538    00000114     RFCC26XX_singleMode.obj (.text:RF_corePowerDown)
                  0000764c    00000112     cc26xx_gatt_pxxx.a : gatt_server.o (.text)
                  0000775e    00000002     dps_peripheral_cc2640r2lp_stack_library.lib : common_rom_init.obj (.text:CommonROM_Init)
                  00007760    00000108                                                 : osal_snv_wrapper.obj (.text:NVOCOP_writeItem)
                  00007868    00000104     drivers_cc26x0r2.aem3 : UARTCC26XX.oem3 (.text:UARTCC26XX_write)
                  0000796c    00000104     peripheral.obj (.text:gapRole_init)
                  00007a70    00000100     RFCC26XX_singleMode.obj (.text:RF_fsmPowerUpState)
                  00007b70    000000fc     RFCC26XX_singleMode.obj (.text:RF_pendCmd)
                  00007c6c    000000f8     cc26xx_profiles_pxxx.a : gattservapp.o (.text)
                  00007d64    000000f8     app_ble_pem3.oem3 (.text:xdc_runtime_System_printfExtend__I)
                  00007e5c    000000f4     cc26xx_gap_pxxx.a : gap_linkmgr.o (.text)
                  00007f50    000000f0     dps_peripheral_cc2640r2lp_stack_library.lib : osal_timers.obj (.text:osalTimerUpdate)
                  00008040    000000ec                                                 : gapbondmgr.obj (.text:GAPBondMgr_LinkEst)
                  0000812c    000000e8     dpl_cc26x0r2.aem3 : PowerCC26XX_tirtos.oem3 (.text:PowerCC26XX_standbyPolicy)
                  00008214    000000e8     dps_peripheral_cc2640r2lp_stack_library.lib : ble_user_config.obj (.text:setBleUserConfig)
                  000082fc    000000e4     cc26xx_sm_pxxx.a : sm_pairing.o (.text)
                  000083e0    000000e0     RFCC26XX_singleMode.obj (.text:RF_postCmd)
                  000084c0    000000dc     drivers_cc26x0r2.aem3 : PINCC26XX.oem3 (.text:PINCC26XX_setIoCfg)
                  0000859c    000000dc     dps_peripheral_cc2640r2lp_stack_library.lib : osal.obj (.text:osal_set_event)
                  00008678    000000d8     icall.obj (.text:ICall_heapInit)
                  00008750    000000d8     cc2640_ctrlll_pxxx.a : ll_isr.o (.text)
                  00008828    000000d4     drivers_cc26x0r2.aem3 : CryptoCC26XX.oem3 (.text:CryptoCC26XX_open)
                  000088fc    000000d4     icall.obj (.text:ICall_enrollService)
                  000089d0    000000d0     RFCC26XX_singleMode.obj (.text:RF_radioOpDoneCb)
                  00008aa0    000000d0     simple_peripheral.obj (.text:SimplePeripheral_taskFxn)
                  00008b70    000000c8     peripheral.obj (.text:gapRole_startConnUpdate)
                  00008c38    000000c4     cc26xx_sm_pxxx.a : sm_pairing.o (.text)
                  00008cfc    000000c4                      : sm_pairing.o (.text)
                  00008dc0    000000c0     DPSModbusService.obj (.text:DPSModbusService_SetParameter)
                  00008e80    000000c0     icall.obj (.text:ICall_setTimer)
                  00008f40    000000bc     drivers_cc26x0r2.aem3 : PowerCC26XX.oem3 (.text:Power_releaseDependency)
                  00008ffc    000000bc     cc2640_ctrlll_pxxx.a : ll_scheduler.o (.text)
                  000090b8    000000b4     drivers_cc26x0r2.aem3 : PowerCC26XX.oem3 (.text:Power_setDependency)
                  0000916c    000000b0     icall.obj (.text:ICall_registerApp)
                  0000921c    000000b0     RFCC26XX_singleMode.obj (.text:RF_hwiCpe0Active)
                  000092cc    000000b0     RFCC26XX_singleMode.obj (.text:RF_ratDispatchTime)
                  0000937c    000000b0     RFCC26XX_singleMode.obj (.text:RF_ratFreeChannel)
                  0000942c    000000b0     cc26xx_gap_pxxx.a : gap_peridevmgr.o (.text)
                  000094dc    000000ac     display.aem3 : DisplayUart.oem3 (.text:DisplayUartAnsi_clearLines)
                  00009588    000000ac     driverlib.lib : setup.obj (.text:NOROM_SetupTrimDevice)
                  00009634    000000ac     TRNGCC26XX.obj (.text:TRNGCC26XX_getNumber)
                  000096e0    000000a8     icall.obj (.text:HEAPMGR_GETLARGESTFREEBUF)
                  00009788    000000a8     icall.obj (.text:ICall_send)
                  00009830    000000a8     icall.obj (.text:ICall_sendServiceComplete)
                  000098d8    000000a8     icall.obj (.text:icall_directAPI)
                  00009980    000000a7     display.aem3 : DisplayUart.oem3 (.text:DisplayUartAnsi_open)
                  00009a27    00000001     --HOLE-- [fill = 0]
                  00009a28    000000a6     rom_sysbios.aem3 : rom_sysbios.obj (.text:xdc_runtime_Text_putSite__E)
                  00009ace    00000002     display.aem3 : DisplayUart.oem3 (.text:DisplayUartAnsi_init)
                  00009ad0    000000a4     dps_peripheral_cc2640r2lp_stack_library.lib : gapbondmgr.obj (.text:GAPBondMgr_ResolveAddr)
                  00009b74    000000a4     icall.obj (.text:ICall_newTask)
                  00009c18    000000a4     RFCC26XX_singleMode.obj (.text:RF_hwiHw)
                  00009cbc    000000a4     dps_peripheral_cc2640r2lp_stack_library.lib : osal_cbtimer.obj (.text:cbTimerSetup)
                  00009d60    000000a4     cc2640_ctrlll_pxxx.a : ll_common.o (.text)
                  00009e04    000000a4     drivers_cc26x0r2.aem3 : PowerCC26XX.oem3 (.text:switchXOSCHFclockFunc)
                  00009ea8    000000a2     RFCC26XX_singleMode.obj (.text:RF_initRadioSetup)
                  00009f4a    00000002     driverlib.lib : rfc.obj (.text:NOROM_RFCAdi3VcoLdoVoltageMode)
                  00009f4c    000000a0     icall.obj (.text:ICall_createRemoteTasksAtRuntime)
                  00009fec    000000a0     drivers_cc26x0r2.aem3 : PINCC26XX.oem3 (.text:PIN_open)
                  0000a08c    000000a0     RFCC26XX_singleMode.obj (.text:RF_dispatchNextCmd)
                  0000a12c    000000a0     auto_init.aem3 : auto_init.oem3 (.text)
                  0000a1cc    000000a0     dps_peripheral_cc2640r2lp_stack_library.lib : gapbondmgr.obj (.text:gapBondMgrUpdateCharCfg)
                  0000a26c    0000009f     display.aem3 : DisplayUart.oem3 (.text:DisplayUartAnsi_vprintf)
                  0000a30b    00000001     --HOLE-- [fill = 0]
                  0000a30c    0000009e     simple_peripheral.obj (.text:SimplePeripheral_processCharValueChangeEvt)
                  0000a3aa    00000002     dps_peripheral_cc2640r2lp_stack_library.lib : onboard.obj (.text:Onboard_soft_reset)
                  0000a3ac    0000009c     drivers_cc26x0r2.aem3 : UARTCC26XX.oem3 (.text:UARTCC26XX_writeCancel)
                  0000a448    0000009c     dps_peripheral_cc2640r2lp_stack_library.lib : osal_cbtimer.obj (.text:osal_CbTimerProcessEvent)
                  0000a4e4    0000009c     rtsv7M3_T_le_eabi.lib : memcpy_t2.asm.obj (.text)
                  0000a580    00000098     icall_cc2650.obj (.text:ICallPlatform_pwrUpdActivityCounter)
                  0000a618    00000098     RFCC26XX_singleMode.obj (.text:RF_getCurrentTime)
                  0000a6b0    00000098     RFCC26XX_singleMode.obj (.text:RF_syncCb)
                  0000a748    00000098     simple_peripheral.obj (.text:SimplePeripheral_processStackMsg)
                  0000a7e0    00000098     drivers_cc26x0r2.aem3 : UARTCC26XX.oem3 (.text:UARTCC26XX_initHw)
                  0000a878    00000098                           : UARTCC26XX.oem3 (.text:UARTCC26XX_initIO)
                  0000a910    00000098                           : UARTCC26XX.oem3 (.text:UARTCC26XX_swiIntFxn)
                  0000a9a8    00000098     rom_sysbios.aem3 : rom_sysbios.obj (.text:ti_sysbios_knl_Clock_workFuncDynamic__E)
                  0000aa40    00000098                      : rom_sysbios.obj (.text:xdc_runtime_Text_putMod__E)
                  0000aad8    00000096     gattservapp_util.obj (.text:GATTServApp_ProcessCCCWriteReq)
                  0000ab6e    00000096     rtsv7M3_T_le_eabi.lib : ull_div_t2.asm.obj (.text)
                  0000ac04    00000090     RFCC26XX_singleMode.obj (.text:RF_getInfo)
                  0000ac94    00000090     cc2640_ctrlll_pxxx.a : ll_enc.o (.text)
                  0000ad24    00000090     rom_sysbios.aem3 : rom_sysbios.obj (.text:ti_sysbios_family_arm_cc26xx_Timer_start__E)
                  0000adb4    0000008c     icall.obj (.text:ICall_getEntityId)
                  0000ae40    0000008c     driverlib.lib : setup.obj (.text:TrimAfterColdResetWakeupFromShutDown)
                  0000aecc    0000008c     util.obj (.text:Util_convertBdAddr2Str)
                  0000af58    0000008a     drivers_cc26x0r2.aem3 : CryptoCC26XX.oem3 (.text:CryptoCC26XX_allocateKey)
                  0000afe2    00000002     dps_peripheral_cc2640r2lp_stack_library.lib : sm_ecc.obj (.text:SM_dhKeyCB)
                  0000afe4    00000088     simple_peripheral.obj (.text:SimplePeripheral_processGATTMsg)
                  0000b06c    00000088     cc26xx_profiles_pxxx.a : gapgattserver.o (.text)
                  0000b0f4    00000088     dps_peripheral_cc2640r2lp_stack_library.lib : osal_snv_wrapper.obj (.text:writeWord)
                  0000b17c    00000084     CC2640R2_LAUNCHXL_fxns.obj (.text:CC2640R2_LAUNCHXL_sendExtFlashByte)
                  0000b200    00000084     icall.obj (.text:ICall_wait)
                  0000b284    00000084     RFCC26XX_singleMode.obj (.text:RF_discardPendCmd)
                  0000b308    00000084     drivers_cc26x0r2.aem3 : UARTCC26XX.oem3 (.text:UARTCC26XX_close)
                  0000b38c    00000084     dps_peripheral_cc2640r2lp_stack_library.lib : osal.obj (.text:osal_event_send)
                  0000b410    00000080     RFCC26XX_singleMode.obj (.text:RF_cmdDispatchTime)
                  0000b490    00000080     RFCC26XX_singleMode.obj (.text:RF_ratArmChannel)
                  0000b510    00000080     dps_peripheral_cc2640r2lp_stack_library.lib : osal_icall_ble.obj (.text:osalInitTasks)
                  0000b590    0000007c                                                 : gapbondmgr.obj (.text:GAPBondMgr_syncResolvingList)
                  0000b60c    0000007c     cc2640_ctrlhci_pxxx.a : hci_event.o (.text)
                  0000b688    0000007c     cc2640_ctrlll_pxxx.a : ll_scheduler.o (.text)
                  0000b704    0000007c     cc26xx_gap_pxxx.a : gap_linkmgr.o (.text)
                  0000b780    0000007a     rtsv7M3_T_le_eabi.lib : memset_t2.asm.obj (.text)
                  0000b7fa    00000002     dps_peripheral_cc2640r2lp_stack_library.lib : sm_ecc.obj (.text:SM_p256KeyCB)
                  0000b7fc    00000078     ECCROMCC26XX.obj (.text:ECCROMCC26XX_Params_init)
                  0000b874    00000078     icall.obj (.text:ICall_createRemoteTasks)
                  0000b8ec    00000078     cc26xx_profiles_pxxx.a : gattservapp.o (.text)
                  0000b964    00000078     peripheral.obj (.text:gapRole_processStackMsg)
                  0000b9dc    00000078     drivers_cc26x0r2.aem3 : UARTCC26XX.oem3 (.text:writeTxFifoFlush)
                  0000ba54    00000076     RFCC26XX_singleMode.obj (.text:RF_calculateDispatchTime)
                  0000baca    00000002     simple_peripheral.obj (.text:SimplePeripheral_performPeriodicTask)
                  0000bacc    00000074     DPSModbusService.obj (.text:DPSModbusService_GetParameter)
                  0000bb40    00000074     gattservapp_util.obj (.text:GATTServApp_InitCharCfg)
                  0000bbb4    00000074     simple_peripheral.obj (.text:SimplePeripheral_processAppMsg)
                  0000bc28    00000074     cc26xx_sm_pxxx.a : sm_pairing.o (.text)
                  0000bc9c    00000074     dps_peripheral_cc2640r2lp_stack_library.lib : osal.obj (.text:osal_msg_enqueue_push)
                  0000bd10    00000072     cc2640_ctrlll_pxxx.a : ll_common.o (.text)
                  0000bd82    00000002     rtsv7M3_T_le_eabi.lib : _lock.c.obj (.text:_nop)
                  0000bd84    00000070     driverlib.lib : sys_ctrl.obj (.text:NOROM_SysCtrlAdjustRechargeAfterPowerDown)
                  0000bdf4    00000070     cc26xx_hci_tl_none.a : hci_tl.o (.text)
                  0000be64    00000070     dps_peripheral_cc2640r2lp_stack_library.lib : gapbondmgr.obj (.text:gapBondMgrBondReq)
                  0000bed4    00000070     drivers_cc26x0r2.aem3 : PowerCC26XX.oem3 (.text:lfClockReadyCallback)
                  0000bf44    00000070     dps_peripheral_cc2640r2lp_stack_library.lib : osal.obj (.text:osal_msg_receive)
                  0000bfb4    0000006d     rom_sysbios.aem3 : rom_sysbios.obj (.text:xdc_runtime_System_formatNum__I)
                  0000c021    00000001     --HOLE-- [fill = 0]
                  0000c022    00000002     drivers_cc26x0r2.aem3 : PowerCC26XX.oem3 (.text:emptyClockFunc)
                  0000c024    0000006c     icall.obj (.text:ICall_init)
                  0000c090    0000006c     driverlib.lib : osc.obj (.text:NOROM_OSCHF_AttemptToSwitchToXosc)
                  0000c0fc    0000006c     drivers_cc26x0r2.aem3 : PowerCC26XX_calibrateRCOSC.oem3 (.text:PowerCC26XX_initiateCalibration)
                  0000c168    0000006c     cc2640_ctrlll_pxxx.a : ll_scheduler.o (.text)
                  0000c1d4    0000006c     drivers_cc26x0r2.aem3 : PowerCC26XX.oem3 (.text:configureXOSCHF)
                  0000c240    0000006c     dps_peripheral_cc2640r2lp_stack_library.lib : osal_cbtimer.obj (.text:osal_CbTimerUpdate)
                  0000c2ac    00000068     driverlib.lib : sys_ctrl.obj (.text:NOROM_SysCtrl_DCDC_VoltageConditionalControl)
                  0000c314    00000068     RFCC26XX_singleMode.obj (.text:RF_dispatchNextEvent)
                  0000c37c    00000068     RFCC26XX_singleMode.obj (.text:RF_hwiCpe0PowerFsm)
                  0000c3e4    00000068     drivers_cc26x0r2.aem3 : UARTCC26XX.oem3 (.text:UARTCC26XX_readCancel)
                  0000c44c    00000068     cc2640_ctrlll_pxxx.a : ll_adv_end_causes.o (.text)
                  0000c4b4    00000068     rtsv7M3_T_le_eabi.lib : copy_decompress_lzss.c.obj (.text:decompress:lzss:__TI_decompress_lzss)
                  0000c51c    00000068     main.obj (.text:main)
                  0000c584    00000064     drivers_cc26x0r2.aem3 : CryptoCC26XX.oem3 (.text:CryptoCC26XX_loadKey)
                  0000c5e8    00000064     icall.obj (.text:ICall_searchTask)
                  0000c64c    00000064     driverlib.lib : rfc.obj (.text:NOROM_RFCOverrideUpdate)
                  0000c6b0    00000064     RFCC26XX_singleMode.obj (.text:RF_cmdGet)
                  0000c714    00000064     RFCC26XX_singleMode.obj (.text:RF_ratRestartChannels)
                  0000c778    00000064     RFCC26XX_singleMode.obj (.text:RF_wakeupNotification)
                  0000c7dc    00000064     cc26xx_profiles_pxxx.a : gattservapp.o (.text)
                  0000c840    00000064     dps_peripheral_cc2640r2lp_stack_library.lib : osal_snv_wrapper.obj (.text:findItem)
                  0000c8a4    00000060     ECCROMCC26XX.obj (.text:ECC_initGlobals)
                  0000c904    00000060     peripheral.obj (.text:GAPRole_SendUpdateParam)
                  0000c964    00000060     icall.obj (.text:ICall_searchServiceEntity)
                  0000c9c4    00000060     ModbusMaster.obj (.text:ModbusMaster_Init)
                  0000ca24    00000060     drivers_cc26x0r2.aem3 : PowerCC26XX.oem3 (.text:PowerCC26XX_calibrate)
                  0000ca84    00000060     RFCC26XX_singleMode.obj (.text:RF_applyRfCorePatch)
                  0000cae4    00000060     RFCC26XX_singleMode.obj (.text:RF_calculateDeltaTimeUs)
                  0000cb44    00000060     util.obj (.text:Util_constructClock)
                  0000cba4    00000060     dps_peripheral_cc2640r2lp_stack_library.lib : osal_icall_ble.obj (.text:stack_main)
                  0000cc04    0000005f     rom_sysbios.aem3 : rom_sysbios.obj (.text:xdc_runtime_Text_putLab__E)
                  0000cc63    00000001     --HOLE-- [fill = 0]
                  0000cc64    0000005e     RFCC26XX_singleMode.obj (.text:RF_cacheFsCmd)
                  0000ccc2    00000002     dps_peripheral_cc2640r2lp_stack_library.lib : hal_assert.obj (.text:halAssertHandler)
                  0000ccc4    0000005c     display.aem3 : Display.oem3 (.text:Display_doOpen)
                  0000cd20    0000005c     icall.obj (.text:ICall_msecs2Ticks)
                  0000cd7c    0000005c     icall.obj (.text:ICall_primEntityId2ServiceId)
                  0000cdd8    0000005c     ModbusMaster.obj (.text:ModbusMaster_crc16update)
                  0000ce34    0000005c     drivers_cc26x0r2.aem3 : PowerCC26XX_calibrateRCOSC.oem3 (.text:PowerCC26XX_RCOSC_clockFunc)
                  0000ce90    0000005c     simple_peripheral.obj (.text:SimplePeripheral_processPasscode)
                  0000ceec    0000005c     cc26xx_profiles_pxxx.a : gattservapp.o (.text)
                  0000cf48    0000005c     dps_peripheral_cc2640r2lp_stack_library.lib : osal_cbtimer.obj (.text:osal_CbTimerStop)
                  0000cfa4    0000005c     app_ble_pem3.oem3 (.text:xdc_runtime_Startup_getState__I)
                  0000d000    00000058     icall.obj (.text:ICall_fetchMsg)
                  0000d058    00000058     drivers_cc26x0r2.aem3 : PINCC26XX.oem3 (.text:PIN_remove)
                  0000d0b0    00000058     RFCC26XX_singleMode.obj (.text:RF_fsmXOSCState)
                  0000d108    00000058     drivers_cc26x0r2.aem3 : UARTCC26XX.oem3 (.text:UARTCC26XX_control)
                  0000d160    00000058     cc26xx_gap_pxxx.a : gap_linkmgr.o (.text)
                  0000d1b8    00000058     dps_peripheral_cc2640r2lp_stack_library.lib : gapbondmgr.obj (.text:gapBondMgrReadBonds)
                  0000d210    00000058                                                 : osal_timers.obj (.text:osal_timer_refTimeUpdate)
                  0000d268    00000054     RFCC26XX_singleMode.obj (.text:RF_setInactivityTimeout)
                  0000d2bc    00000054     TRNGCC26XX.obj (.text:TRNGCC26XX_isParamValid)
                  0000d310    00000054     cc26xx_profiles_pxxx.a : gattservapp.o (.text)
                  0000d364    00000054     dps_peripheral_cc2640r2lp_stack_library.lib : osal_bufmgr.obj (.text:osal_bm_free)
                  0000d3b8    00000052     icall.obj (.text:ICall_msgEnqueue)
                  0000d40a    00000002     dps_peripheral_cc2640r2lp_stack_library.lib : hal_assert.obj (.text:halAssertSpinlock)
                  0000d40c    00000050     dpl_cc26x0r2.aem3 : ClockP_tirtos.oem3 (.text:ClockP_construct)
                  0000d45c    00000050     dps_peripheral_cc2640r2lp_stack_library.lib : gapbondmgr.obj (.text:GAPBondMgr_LinkTerm)
                  0000d4ac    00000050                                                 : gapbondmgr.obj (.text:GAPBondMgr_UpdateCharCfg)
                  0000d4fc    00000050     icall.obj (.text:ICall_getMaxMSecs)
                  0000d54c    00000050     icall.obj (.text:ICall_heapFree)
[...]
20001f2c  rtosApiTblPtr                                                             
20001f30  connEvtCB                                                                 
20001f38  ClockP_tickPeriod                                                         
20001f3c  HEAPMGR_SIZE                                                              
20001f40  huart                                                                     
20001f44  tasksEvents                                                               
20001f48  trngCC26XXObjects                                                         
20001f4e  _u16ReadAddress                                                           
20001f50  _u16ReadQty                                                               
20001f52  _u16WriteAddress                                                          
20001f54  hciL2capTaskID                                                            
20001f55  hciGapTaskID                                                              
20001f56  hciSmpTaskID                                                              
20001f57  hciTestTaskID                                                             
20001f59  _u8MBSlave                                                                
20001f5a  driverlib_release_0_53646                                                 
20001f5b  icall_liteTaskId                                                          
20001f5c  osal_entity                                                               
20001f5d  heapStart                                                                 
20004000  __stack                                                                   
20004000  heapEnd                                                                   
20004400  __STACK_END                                                               
20004400  __STACK_TOP                                                               
200044f8  RAM_BASE_ADDR                                                             
20004504  ROM_FlashJT                                                               
20004558  gapPeripheralCBs                                                          
20004564  gapPeripheralConnCBs                                                      
20004568  rfMode                                                                    
20004584  smResponderCBs                                                            
2000459c  slaveConnHandle                                                           
2000459e  nextHandle                                                                
200045a0  l2capMtuSize                                                              
200045a2  gapAppTaskID                                                              
200045a3  gapAdvAppTaskID                                                           
200045a4  gapUnwantedTaskID                                                         
200045a5  reqTaskId                                                                 
200045a6  gattAppTaskID                                                             
200045a7  appTaskID                                                                 
200045a8  flowCtrlTaskId                                                            
200045a9  SM_appTaskID                                                              
200045ac  resolvingList                                                             
200046ec  scanDataEntry                                                             
200047cc  wlTable                                                                   
200048a8  wlTableScan                                                               
20004a20  advCmd                                                                    
20004a68  localEccKeys                                                              
20004aac  initDataEntry                                                             
20004ae4  advDataEntry                                                              
20004b1c  l2capFixedChannels                                                        
20004b4c  linkCBs                                                                   
20004b7c  eccParams                                                                 
20004bac  initParam                                                                 
20004bd0  scanParam                                                                 
20004bf4  advParam                                                                  
20004c14  cryptoPRAND                                                               
20004c34  txModemTestCmd                                                            
20004c50  gapParams                                                                 
20004c6c  initCmd                                                                   
20004c84  connReqData                                                               
20004c9c  scanCmd                                                                   
20004cb4  scanOutput                                                                
20004ccc  trxTestCmd                                                                
20004ce4  rxModemTestCmd                                                            
20004cfc  rsp                                                                       
20004d14  fwParDtmCmd                                                               
20004d2c  rfSetup                                                                   
20004d44  fwParRfCmd                                                                
20004d5c  connOutput                                                                
20004d70  rxTestParam                                                               
20004d84  initDataQueue                                                             
20004d94  scanDataQueue                                                             
20004da4  advDataQueue                                                              
20004db4  advOutput                                                                 
20004dc4  txTestParam                                                               
20004dd4  initOutput                                                                
20004de0  rxTestOut                                                                 
20004dec  deviceFeatureSet                                                          
20004df8  cachedTRNGdata                                                            
20004e04  gapCurrentRandomAddr                                                      
20004e0c  slaveUpdateReq                                                            
20004e14  pBleEvtMask                                                               
20004e1c  pHciEvtMask                                                               
20004e24  pHciEvtMask2                                                              
20004e2c  ownPublicAddr                                                             
20004e34  ownRandomAddr                                                             
20004e3c  ownSavedPublicAddr                                                        
20004e44  fwImmedCmd                                                                
20004e4c  attServerNotifyTxCB                                                       
20004e50  rfEvent                                                                   
20004e58  fwParCmd                                                                  
20004e60  verInfo                                                                   
20004e68  llConns                                                                   
20004e70  fwParamImmedCmd                                                           
20004e78  privInfo                                                                  
20004e80  linkCmd                                                                   
20004e84  linkParam                                                                 
20004e88  rxDataQ                                                                   
20004e8c  txDataQ                                                                   
20004e90  rxRingBuf                                                                 
20004e94  txTestOut                                                                 
20004e98  pGapDiscReq                                                               
20004e9c  pGapAdvertState                                                           
20004ea0  pEstLink                                                                  
20004ea4  pAuthLink                                                                 
20004ea8  pfnCentralConnCBs                                                         
20004eac  pfnPeripheralConnCBs                                                      
20004eb0  pGapAdvTokens                                                             
20004eb4  pGapAdData                                                                
20004eb8  pGapScanRspData                                                           
20004ebc  pfnPeripheralCBs                                                          
20004ec0  pfnCentralCBs                                                             
20004ec4  pfnBondMgrCBs                                                             
20004ec8  serverInfoTbl                                                             
20004ecc  pServiceList                                                              
20004ed0  pfnServerProcessMsgCB                                                     
20004ed4  pfnClientProcessMsgCB                                                     
20004ed8  prepareWritesTbl                                                          
20004edc  serviceCBsList                                                            
20004ee0  pAttrValue                                                                
20004ee4  l2capChannels                                                             
20004ee8  linkDB                                                                    
20004eec  rfHandle                                                                  
20004ef0  rfDrvTblPtr                                                               
20004ef4  eccDrvTblPtr                                                              
20004ef8  cryptoDrvTblPtr                                                           
20004efc  trngDrvTblPtr                                                             
20004f00  activeConns                                                               
20004f04  SysBootMsg                                                                
20004f08  sclkSrc                                                                   
20004f0c  buildInfo                                                                 
20004f10  advInfo                                                                   
20004f14  scanInfo                                                                  
20004f18  initInfo                                                                  
20004f1c  dtmInfo                                                                   
20004f20  taskEndAction                                                             
20004f24  encParams                                                                 
20004f28  encHandle                                                                 
20004f2c  encKey                                                                    
20004f30  pPairingParams                                                            
20004f34  pfnResponderCBs                                                           
20004f38  pfnInitiatorCBs                                                           
20004f3c  gapLimitedAdvertisingTimeout                                              
20004f3e  attrLen                                                                   
20004f40  numHostBufs                                                               
20004f42  rfCmdHandle                                                               
20004f44  connInitialMaxTxOctets                                                    
20004f46  connInitialMaxTxTime                                                      
20004f48  supportedMaxTxOctets                                                      
20004f4a  supportedMaxTxTime                                                        
20004f4c  supportedMaxRxOctets                                                      
20004f4e  supportedMaxRxTime                                                        
20004f50  taskEndStatus                                                             
20004f52  postRfOperations                                                          
20004f54  rfCfgAdiVal                                                               
20004f58  gapProfileRole                                                            
20004f59  gapDeviceAddrMode                                                         
20004f5a  gapState                                                                  
20004f5b  terminateAllTaskID                                                        
20004f5c  terminateReason                                                           
20004f5d  gapTaskID                                                                 
20004f5e  gattNumConns                                                              
20004f5f  gattTaskID                                                                
20004f60  GATTServApp_TaskID                                                        
20004f61  maxNumPrepareWrites                                                       
20004f62  hciPTMenabled                                                             
20004f63  ctrlToHostEnable                                                          
20004f64  l2capFlowCtrlMode                                                         
20004f65  l2capTaskID                                                               
20004f66  l2capNumChannels                                                          
20004f67  l2capNumDataPkts                                                          
20004f68  l2capId                                                                   
20004f69  linkDBNumConns                                                            
20004f6a  linkDB_secureConnectionOnlyMode                                           
20004f6b  maxPduSize                                                                
20004f6c  rfFeModeBias                                                              
20004f6d  maxNumTxDataBufs                                                          
20004f6e  LL_TaskID                                                                 
20004f6f  llState                                                                   
20004f70  rssiCorrection                                                            
20004f71  curTxPowerVal                                                             
20004f72  maxTxPwrForDTM                                                            
20004f73  onePktPerEvt                                                              
20004f74  numComplPkts                                                              
20004f75  numComplPktsLimit                                                         
20004f76  numComplPktsFlush                                                         
20004f77  fastTxRespTime                                                            
20004f78  slOverride                                                                
20004f79  rxFifoFlowCtrl                                                            
20004f7a  numTxDataBufs                                                             
20004f7b  maxNumConns                                                               
20004f7c  smTaskID                                                                  
20004f7d  SM_appExpectingKey                                                        
20004f80  ECC_DATA$$Base                                                            
20004f80  eccRom_param_Gx                                                           
20004f84  eccRom_param_Gy                                                           
20004f88  eccRom_workzone                                                           
20004f8c  eccRom_param_p                                                            
20004f90  eccRom_param_r                                                            
20004f94  eccRom_param_a                                                            
20004f98  eccRom_param_b                                                            
20004f9c  eccRom_windowSize                                                         
20004fa0  aux64                                                                     
20004fa8  MOD                                                                       
20004fac  LEN                                                                       
20004fb0  inScalar                                                                  
20004fb4  inPointX                                                                  
20004fb8  inPointY                                                                  
20004fbc  outPointX                                                                 
20004fc0  outPointY                                                                 
20004fc4  SCAL                                                                      
20004fc8  EXPX                                                                      
20004fcc  EXPY                                                                      
20004fd0  EXPZ                                                                      
20004fd4  EXPW                                                                      
20004fd8  ACCX                                                                      
20004fdc  ACCY                                                                      
20004fe0  ACCZ                                                                      
20004fe4  TMP1                                                                      
20004fe8  TMP2                                                                      
20004fec  TMP3                                                                      
20004ff0  TMP4                                                                      
20004ff4  TMP5                                                                      
20004ff8  TMP6                                                                      
20004ffc  MSBMOD                                                                    
20005000  ECC_DATA$$Limit                                                           
20005000  __UNUSED_SRAM_end__                                                       
e000e000  ti_sysbios_family_arm_m3_Hwi_nvic                                         
ffffffff  __TI_pprof_out_hndl                                                       
ffffffff  __TI_prof_data_size                                                       
ffffffff  __TI_prof_data_start                                                      
ffffffff  __binit__                                                                 
ffffffff  __c_args__                                                                
ffffffff  binit                                                                     
UNDEFED   SHT$$INIT_ARRAY$$Base                                                     
UNDEFED   SHT$$INIT_ARRAY$$Limit                                                    

[2355 symbols]
